[2026-07-24 14:14:39] 🚀 Master 24/7 Swarm Daemon Initialized!
[2026-07-24 14:14:39] ✅ Ultimate Squad D Master Brain Executed.
[2026-07-24 14:19:40] ✅ Ultimate Squad D Master Brain Executed.
[2026-07-24 14:24:40] ✅ Ultimate Squad D Master Brain Executed.
[2026-07-24 14:28:14] 🚀 Master 24/7 Swarm Daemon Initialized with Ultimate Squad D!
[2026-07-24 14:28:14] ⚡ [SWARM DAEMON] Running 24/7 Cycle for Ultimate Squad D (Derivatives)...
[2026-07-24 14:28:14] ✅ Ultimate Squad D Master Brain & Promotion/Demotion Audit Executed.
[2026-07-24 14:28:14] 💤 [SWARM DAEMON] Cycle complete. Sleeping for next interval...

[2026-07-24 14:33:14] ⚡ [SWARM DAEMON] Running 24/7 Cycle for Ultimate Squad D (Derivatives)...
[2026-07-24 14:33:14] ✅ Ultimate Squad D Master Brain & Promotion/Demotion Audit Executed.
[2026-07-24 14:33:14] 💤 [SWARM DAEMON] Cycle complete. Sleeping for next interval...

[2026-07-24 14:33:56] 🚀 Starting Master Swarm Daemon...
[2026-07-24 14:33:56] ⚡ [SWARM DAEMON] Running 24/7 Cycle for Ultimate Squad D...
[2026-07-24 14:33:56] ⚠️ Squad D error output: Traceback (most recent call last):
  File "/data/data/com.termux/files/home/quantum-bot/squads/squad_d_derivatives/supervisor_brain_derivatives/sd_mstr_engine.py", line 77, in <module>
    master_self_learn()
    ~~~~~~~~~~~~~~~~~^^
  File "/data/data/com.termux/files/home/quantum-bot/squads/squad_d_derivatives/supervisor_brain_derivatives/sd_mstr_engine.py", line 57, in master_self_learn
    with open(mem_path, "r") as f:
         ~~~~^^^^^^^^^^^^^^^
FileNotFoundError: [Errno 2] No such file or directory: 'sd_mstr_memory.json'
[2026-07-24 14:40:04] 🚀 Starting Master Swarm Daemon...
[2026-07-24 14:40:04] ⚡ [SWARM DAEMON] Running 24/7 Cycle for Ultimate Squad D...
[2026-07-24 14:40:04] ⚠️ Squad D error output: Traceback (most recent call last):
  File "/data/data/com.termux/files/home/quantum-bot/squads/squad_d_derivatives/supervisor_brain_derivatives/sd_mstr_engine.py", line 77, in <module>
    master_self_learn()
    ~~~~~~~~~~~~~~~~~^^
  File "/data/data/com.termux/files/home/quantum-bot/squads/squad_d_derivatives/supervisor_brain_derivatives/sd_mstr_engine.py", line 57, in master_self_learn
    with open(mem_path, "r") as f:
         ~~~~^^^^^^^^^^^^^^^
FileNotFoundError: [Errno 2] No such file or directory: 'sd_mstr_memory.json'
[2026-07-24 14:42:03] 🚀 Starting Master Swarm Daemon...
[2026-07-24 14:42:03] ⚡ [SWARM DAEMON] Running 24/7 Cycle for Ultimate Squad D...
[2026-07-24 14:42:03] ⚠️ Squad D error output: Traceback (most recent call last):
  File "/data/data/com.termux/files/home/quantum-bot/squads/squad_d_derivatives/supervisor_brain_derivatives/sd_mstr_engine.py", line 77, in <module>
    master_self_learn()
    ~~~~~~~~~~~~~~~~~^^
  File "/data/data/com.termux/files/home/quantum-bot/squads/squad_d_derivatives/supervisor_brain_derivatives/sd_mstr_engine.py", line 60, in master_self_learn
    if data["accuracy_score"] < 100.0:
       ~~~~^^^^^^^^^^^^^^^^^^
KeyError: 'accuracy_score'
[2026-07-24 14:42:34] 🚀 Starting Master Swarm Daemon...
[2026-07-24 14:42:34] ⚡ [SWARM DAEMON] Running 24/7 Cycle for Ultimate Squad D...
[2026-07-24 14:42:34] ⚠️ Squad D error output: Traceback (most recent call last):
  File "/data/data/com.termux/files/home/quantum-bot/squads/squad_d_derivatives/supervisor_brain_derivatives/sd_mstr_engine.py", line 77, in <module>
    master_self_learn()
    ~~~~~~~~~~~~~~~~~^^
  File "/data/data/com.termux/files/home/quantum-bot/squads/squad_d_derivatives/supervisor_brain_derivatives/sd_mstr_engine.py", line 60, in master_self_learn
    if data["accuracy_score"] < 100.0:
       ~~~~^^^^^^^^^^^^^^^^^^
KeyError: 'accuracy_score'
[2026-07-24 14:43:49] 🚀 Starting Master Swarm Daemon...
[2026-07-24 14:43:49] ⚡ [SWARM DAEMON] Running 24/7 Cycle for Ultimate Squad D...
[2026-07-24 14:43:49] ⚠️ Squad D error output: Traceback (most recent call last):
  File "/data/data/com.termux/files/home/quantum-bot/squads/squad_d_derivatives/supervisor_brain_derivatives/sd_mstr_engine.py", line 77, in <module>
    master_self_learn()
    ~~~~~~~~~~~~~~~~~^^
  File "/data/data/com.termux/files/home/quantum-bot/squads/squad_d_derivatives/supervisor_brain_derivatives/sd_mstr_engine.py", line 63, in master_self_learn
    data["self_correction_count"] += 1
    ~~~~^^^^^^^^^^^^^^^^^^^^^^^^^
KeyError: 'self_correction_count'
[2026-07-24 14:48:49] ⚡ [SWARM DAEMON] Running 24/7 Cycle for Ultimate Squad D...
[2026-07-24 14:48:49] ⚠️ Squad D error output: Traceback (most recent call last):
  File "/data/data/com.termux/files/home/quantum-bot/squads/squad_d_derivatives/supervisor_brain_derivatives/sd_mstr_engine.py", line 77, in <module>
    master_self_learn()
    ~~~~~~~~~~~~~~~~~^^
  File "/data/data/com.termux/files/home/quantum-bot/squads/squad_d_derivatives/supervisor_brain_derivatives/sd_mstr_engine.py", line 63, in master_self_learn
    data["self_correction_count"] += 1
    ~~~~^^^^^^^^^^^^^^^^^^^^^^^^^
KeyError: 'self_correction_count'
[2026-07-24 14:53:49] ⚡ [SWARM DAEMON] Running 24/7 Cycle for Ultimate Squad D...
[2026-07-24 14:53:49] ⚠️ Squad D error output: Traceback (most recent call last):
  File "/data/data/com.termux/files/home/quantum-bot/squads/squad_d_derivatives/supervisor_brain_derivatives/sd_mstr_engine.py", line 77, in <module>
    master_self_learn()
    ~~~~~~~~~~~~~~~~~^^
  File "/data/data/com.termux/files/home/quantum-bot/squads/squad_d_derivatives/supervisor_brain_derivatives/sd_mstr_engine.py", line 63, in master_self_learn
    data["self_correction_count"] += 1
    ~~~~^^^^^^^^^^^^^^^^^^^^^^^^^
KeyError: 'self_correction_count'
[2026-07-24 14:58:50] ⚡ [SWARM DAEMON] Running 24/7 Cycle for Ultimate Squad D...
[2026-07-24 14:58:50] ⚠️ Squad D error output: Traceback (most recent call last):
  File "/data/data/com.termux/files/home/quantum-bot/squads/squad_d_derivatives/supervisor_brain_derivatives/sd_mstr_engine.py", line 77, in <module>
    master_self_learn()
    ~~~~~~~~~~~~~~~~~^^
  File "/data/data/com.termux/files/home/quantum-bot/squads/squad_d_derivatives/supervisor_brain_derivatives/sd_mstr_engine.py", line 63, in master_self_learn
    data["self_correction_count"] += 1
    ~~~~^^^^^^^^^^^^^^^^^^^^^^^^^
KeyError: 'self_correction_count'
[2026-07-24 15:03:50] ⚡ [SWARM DAEMON] Running 24/7 Cycle for Ultimate Squad D...
[2026-07-24 15:03:50] ⚠️ Squad D error output: Traceback (most recent call last):
  File "/data/data/com.termux/files/home/quantum-bot/squads/squad_d_derivatives/supervisor_brain_derivatives/sd_mstr_engine.py", line 77, in <module>
    master_self_learn()
    ~~~~~~~~~~~~~~~~~^^
  File "/data/data/com.termux/files/home/quantum-bot/squads/squad_d_derivatives/supervisor_brain_derivatives/sd_mstr_engine.py", line 63, in master_self_learn
    data["self_correction_count"] += 1
    ~~~~^^^^^^^^^^^^^^^^^^^^^^^^^
KeyError: 'self_correction_count'
[2026-07-24 15:05:01] 🚀 Starting Master Swarm Daemon...
[2026-07-24 15:05:01] ⚡ [SWARM DAEMON] Running 24/7 Cycle for Ultimate Squad D...
[2026-07-24 15:05:01] ✅ Squad D execution completed successfully.
[2026-07-24 15:05:42] 🚀 Starting Master Swarm Daemon...
[2026-07-24 15:05:42] ⚡ [SWARM DAEMON] Running 24/7 Cycle for Ultimate Squad D...
[2026-07-24 15:05:42] ✅ Squad D execution completed successfully.
[2026-07-24 15:10:42] ⚡ [SWARM DAEMON] Running 24/7 Cycle for Ultimate Squad D...
[2026-07-24 15:10:42] ✅ Squad D execution completed successfully.
[2026-07-24 15:13:49] 🚀 Starting Master Swarm Daemon...
[2026-07-24 15:13:49] ⚡ [SWARM DAEMON] Running 24/7 Cycle for Ultimate Squad D...
[2026-07-24 15:13:51] ✅ Squad D execution completed successfully.
[2026-07-24 15:18:51] ⚡ [SWARM DAEMON] Running 24/7 Cycle for Ultimate Squad D...
[2026-07-24 15:18:53] ✅ Squad D execution completed successfully.
[2026-07-24 15:21:11] 🚀 Master 24/7 Swarm Daemon Initialized with Telegram Alerts!
[2026-07-24 15:21:11] ⚡ [SWARM DAEMON] Running 24/7 Cycle for Ultimate Squad D...
[2026-07-24 15:21:15] ✅ 👑 [SD_MSTR MASTER] Self-Learned. Accuracy: 100.0% | Promoted: 0 | Demoted: 0
[2026-07-24 15:26:16] ⚡ [SWARM DAEMON] Running 24/7 Cycle for Ultimate Squad D...
[2026-07-24 15:26:18] ✅ 👑 [SD_MSTR MASTER] Self-Learned. Accuracy: 100.0% | Promoted: 0 | Demoted: 0
[2026-07-24 15:27:14] 🚀 Master 24/7 Swarm Daemon Upgraded with 30K Brain Nodes & Multi-API Feeds!
[2026-07-24 15:27:15] ⚡ [SWARM DAEMON] Running 24/7 Cycle for Ultimate Squad D (30K Nodes + 1Yr Data)...
[2026-07-24 15:27:17] ✅ 👑 [SD_MSTR 30K] 1-Year Learning Complete. Accuracy: 100.0% | Points Trained: 12410
[2026-07-24 15:32:18] ⚡ [SWARM DAEMON] Running 24/7 Cycle for Ultimate Squad D (30K Nodes + 1Yr Data)...
[2026-07-24 15:32:20] ✅ 👑 [SD_MSTR 30K] 1-Year Learning Complete. Accuracy: 100.0% | Points Trained: 18615
[2026-07-24 15:37:20] ⚡ [SWARM DAEMON] Running 24/7 Cycle for Ultimate Squad D (30K Nodes + 1Yr Data)...
[2026-07-24 15:37:23] ✅ 👑 [SD_MSTR 30K] 1-Year Learning Complete. Accuracy: 100.0% | Points Trained: 24820
[2026-07-24 15:42:24] ⚡ [SWARM DAEMON] Running 24/7 Cycle for Ultimate Squad D (30K Nodes + 1Yr Data)...
[2026-07-24 15:42:26] ✅ 👑 [SD_MSTR 30K] 1-Year Learning Complete. Accuracy: 100.0% | Points Trained: 31025
[2026-07-24 15:47:27] ⚡ [SWARM DAEMON] Running 24/7 Cycle for Ultimate Squad D (30K Nodes + 1Yr Data)...
[2026-07-24 15:47:30] ✅ 👑 [SD_MSTR 30K] 1-Year Learning Complete. Accuracy: 100.0% | Points Trained: 37230
[2026-07-24 15:52:39] ⚡ [SWARM DAEMON] Running 24/7 Cycle for Ultimate Squad D (30K Nodes + 1Yr Data)...
[2026-07-24 15:52:42] ✅ 👑 [SD_MSTR 30K] 1-Year Learning Complete. Accuracy: 100.0% | Points Trained: 43435
[2026-07-24 16:00:59] ⚡ [SWARM DAEMON] Running 24/7 Cycle for Ultimate Squad D (30K Nodes + 1Yr Data)...
[2026-07-24 16:01:01] ✅ 👑 [SD_MSTR 30K] 1-Year Learning Complete. Accuracy: 100.0% | Points Trained: 49640
[2026-07-24 16:28:48] ⚡ [SWARM DAEMON] Running 24/7 Cycle for Ultimate Squad D (30K Nodes + 1Yr Data)...
[2026-07-24 16:28:52] ✅ 👑 [SD_MSTR 30K] 1-Year Learning Complete. Accuracy: 100.0% | Points Trained: 55845
[2026-07-24 16:41:00] ⚡ [SWARM DAEMON] Running 24/7 Cycle for Ultimate Squad D (30K Nodes + 1Yr Data)...
[2026-07-24 16:41:03] ✅ 👑 [SD_MSTR 30K] 1-Year Learning Complete. Accuracy: 100.0% | Points Trained: 62050
[2026-07-24 16:46:04] ⚡ [SWARM DAEMON] Running 24/7 Cycle for Ultimate Squad D (30K Nodes + 1Yr Data)...
[2026-07-24 16:46:06] ✅ 👑 [SD_MSTR 30K] 1-Year Learning Complete. Accuracy: 100.0% | Points Trained: 68255
[2026-07-24 16:51:20] ⚡ [SWARM DAEMON] Running 24/7 Cycle for Ultimate Squad D (30K Nodes + 1Yr Data)...
[2026-07-24 16:51:22] ✅ 👑 [SD_MSTR 30K] 1-Year Learning Complete. Accuracy: 100.0% | Points Trained: 74460
[2026-07-24 16:56:23] ⚡ [SWARM DAEMON] Running 24/7 Cycle for Ultimate Squad D (30K Nodes + 1Yr Data)...
[2026-07-24 16:56:25] ✅ 👑 [SD_MSTR 30K] 1-Year Learning Complete. Accuracy: 100.0% | Points Trained: 80665
[2026-07-24 17:08:07] ⚡ [SWARM DAEMON] Running 24/7 Cycle for Ultimate Squad D (30K Nodes + 1Yr Data)...
[2026-07-24 17:08:10] ✅ 👑 [SD_MSTR 30K] 1-Year Learning Complete. Accuracy: 100.0% | Points Trained: 86870
[2026-07-24 17:13:21] ⚡ [SWARM DAEMON] Running 24/7 Cycle for Ultimate Squad D (30K Nodes + 1Yr Data)...
[2026-07-24 17:13:23] ✅ 👑 [SD_MSTR 30K] 1-Year Learning Complete. Accuracy: 100.0% | Points Trained: 93075
[2026-07-24 17:21:25] ⚡ [SWARM DAEMON] Running 24/7 Cycle for Ultimate Squad D (30K Nodes + 1Yr Data)...
[2026-07-24 17:21:27] ✅ 👑 [SD_MSTR 30K] 1-Year Learning Complete. Accuracy: 100.0% | Points Trained: 99280
[2026-07-24 17:26:28] ⚡ [SWARM DAEMON] Running 24/7 Cycle for Ultimate Squad D (30K Nodes + 1Yr Data)...
[2026-07-24 17:26:30] ✅ 👑 [SD_MSTR 30K] 1-Year Learning Complete. Accuracy: 100.0% | Points Trained: 105485
[2026-07-24 17:31:31] ⚡ [SWARM DAEMON] Running 24/7 Cycle for Ultimate Squad D (30K Nodes + 1Yr Data)...
[2026-07-24 17:31:33] ✅ 👑 [SD_MSTR 30K] 1-Year Learning Complete. Accuracy: 100.0% | Points Trained: 111690
[2026-07-24 17:36:34] ⚡ [SWARM DAEMON] Running 24/7 Cycle for Ultimate Squad D (30K Nodes + 1Yr Data)...
[2026-07-24 17:36:37] ✅ 👑 [SD_MSTR 30K] 1-Year Learning Complete. Accuracy: 100.0% | Points Trained: 117895
[2026-07-24 17:41:56] ⚡ [SWARM DAEMON] Running 24/7 Cycle for Ultimate Squad D (30K Nodes + 1Yr Data)...
[2026-07-24 17:41:58] ✅ 👑 [SD_MSTR 30K] 1-Year Learning Complete. Accuracy: 100.0% | Points Trained: 124100
[2026-07-24 17:46:59] ⚡ [SWARM DAEMON] Running 24/7 Cycle for Ultimate Squad D (30K Nodes + 1Yr Data)...
[2026-07-24 17:47:01] ✅ 👑 [SD_MSTR 30K] 1-Year Learning Complete. Accuracy: 100.0% | Points Trained: 130305
[2026-07-24 17:52:02] ⚡ [SWARM DAEMON] Running 24/7 Cycle for Ultimate Squad D (30K Nodes + 1Yr Data)...
[2026-07-24 17:52:04] ✅ 👑 [SD_MSTR 30K] 1-Year Learning Complete. Accuracy: 100.0% | Points Trained: 136510
[2026-07-24 17:57:05] ⚡ [SWARM DAEMON] Running 24/7 Cycle for Ultimate Squad D (30K Nodes + 1Yr Data)...
[2026-07-24 17:57:07] ✅ 👑 [SD_MSTR 30K] 1-Year Learning Complete. Accuracy: 100.0% | Points Trained: 142715
[2026-07-24 18:02:08] ⚡ [SWARM DAEMON] Running 24/7 Cycle for Ultimate Squad D (30K Nodes + 1Yr Data)...
[2026-07-24 18:02:10] ✅ 👑 [SD_MSTR 30K] 1-Year Learning Complete. Accuracy: 100.0% | Points Trained: 148920
[2026-07-24 18:07:21] ⚡ [SWARM DAEMON] Running 24/7 Cycle for Ultimate Squad D (30K Nodes + 1Yr Data)...
[2026-07-24 18:07:23] ✅ 👑 [SD_MSTR 30K] 1-Year Learning Complete. Accuracy: 100.0% | Points Trained: 155125
[2026-07-24 18:12:24] ⚡ [SWARM DAEMON] Running 24/7 Cycle for Ultimate Squad D (30K Nodes + 1Yr Data)...
[2026-07-24 18:12:26] ✅ 👑 [SD_MSTR 30K] 1-Year Learning Complete. Accuracy: 100.0% | Points Trained: 161330
[2026-07-24 18:19:42] ⚡ [SWARM DAEMON] Running 24/7 Cycle for Ultimate Squad D (30K Nodes + 1Yr Data)...
[2026-07-24 18:19:54] ✅ 👑 [SD_MSTR 30K] 1-Year Learning Complete. Accuracy: 100.0% | Points Trained: 167535
[2026-07-24 18:30:26] ⚡ [SWARM DAEMON] Running 24/7 Cycle for Ultimate Squad D (30K Nodes + 1Yr Data)...
[2026-07-24 18:30:29] ✅ 👑 [SD_MSTR 30K] 1-Year Learning Complete. Accuracy: 100.0% | Points Trained: 173740
[2026-07-24 18:52:05] ⚡ [SWARM DAEMON] Running 24/7 Cycle for Ultimate Squad D (30K Nodes + 1Yr Data)...
[2026-07-24 18:52:07] ✅ 👑 [SD_MSTR 30K] 1-Year Learning Complete. Accuracy: 100.0% | Points Trained: 179945
[2026-07-24 19:00:38] ⚡ [SWARM DAEMON] Running 24/7 Cycle for Ultimate Squad D (30K Nodes + 1Yr Data)...
[2026-07-24 19:00:40] ✅ 👑 [SD_MSTR 30K] 1-Year Learning Complete. Accuracy: 100.0% | Points Trained: 186150
[2026-07-24 19:05:41] ⚡ [SWARM DAEMON] Running 24/7 Cycle for Ultimate Squad D (30K Nodes + 1Yr Data)...
[2026-07-24 19:05:43] ✅ 👑 [SD_MSTR 30K] 1-Year Learning Complete. Accuracy: 100.0% | Points Trained: 192355
[2026-07-24 19:10:54] ⚡ [SWARM DAEMON] Running 24/7 Cycle for Ultimate Squad D (30K Nodes + 1Yr Data)...
[2026-07-24 19:10:56] ✅ 👑 [SD_MSTR 30K] 1-Year Learning Complete. Accuracy: 100.0% | Points Trained: 198560
[2026-07-24 19:15:57] ⚡ [SWARM DAEMON] Running 24/7 Cycle for Ultimate Squad D (30K Nodes + 1Yr Data)...
[2026-07-24 19:15:59] ✅ 👑 [SD_MSTR 30K] 1-Year Learning Complete. Accuracy: 100.0% | Points Trained: 204765
[2026-07-24 19:21:07] ⚡ [SWARM DAEMON] Running 24/7 Cycle for Ultimate Squad D (30K Nodes + 1Yr Data)...
[2026-07-24 19:21:09] ✅ 👑 [SD_MSTR 30K] 1-Year Learning Complete. Accuracy: 100.0% | Points Trained: 210970
[2026-07-24 19:26:10] ⚡ [SWARM DAEMON] Running 24/7 Cycle for Ultimate Squad D (30K Nodes + 1Yr Data)...
[2026-07-24 19:26:12] ✅ 👑 [SD_MSTR 30K] 1-Year Learning Complete. Accuracy: 100.0% | Points Trained: 217175
[2026-07-24 19:31:28] ⚡ [SWARM DAEMON] Running 24/7 Cycle for Ultimate Squad D (30K Nodes + 1Yr Data)...
[2026-07-24 19:31:31] ✅ 👑 [SD_MSTR 30K] 1-Year Learning Complete. Accuracy: 100.0% | Points Trained: 223380
[2026-07-24 19:37:25] ⚡ [SWARM DAEMON] Running 24/7 Cycle for Ultimate Squad D (30K Nodes + 1Yr Data)...
[2026-07-24 19:37:28] ✅ 👑 [SD_MSTR 30K] 1-Year Learning Complete. Accuracy: 100.0% | Points Trained: 229585
[2026-07-24 19:50:23] ⚡ [SWARM DAEMON] Running 24/7 Cycle for Ultimate Squad D (30K Nodes + 1Yr Data)...
[2026-07-24 19:50:38] ✅ 👑 [SD_MSTR 30K] 1-Year Learning Complete. Accuracy: 100.0% | Points Trained: 235790
[2026-07-24 20:23:44] ⚡ [SWARM DAEMON] Running 24/7 Cycle for Ultimate Squad D (30K Nodes + 1Yr Data)...
[2026-07-24 20:23:46] ✅ 👑 [SD_MSTR 30K] 1-Year Learning Complete. Accuracy: 100.0% | Points Trained: 241995
[2026-07-24 20:46:23] ⚡ [SWARM DAEMON] Running 24/7 Cycle for Ultimate Squad D (30K Nodes + 1Yr Data)...
[2026-07-24 20:46:26] ✅ 👑 [SD_MSTR 30K] 1-Year Learning Complete. Accuracy: 100.0% | Points Trained: 248200
[2026-07-24 21:00:29] ⚡ [SWARM DAEMON] Running 24/7 Cycle for Ultimate Squad D (30K Nodes + 1Yr Data)...
[2026-07-24 21:00:32] ✅ 👑 [SD_MSTR 30K] 1-Year Learning Complete. Accuracy: 100.0% | Points Trained: 254405
[2026-07-24 21:33:47] ⚡ [SWARM DAEMON] Running 24/7 Cycle for Ultimate Squad D (30K Nodes + 1Yr Data)...
[2026-07-24 21:33:50] ✅ 👑 [SD_MSTR 30K] 1-Year Learning Complete. Accuracy: 100.0% | Points Trained: 260610
[2026-07-24 22:07:56] ⚡ [SWARM DAEMON] Running 24/7 Cycle for Ultimate Squad D (30K Nodes + 1Yr Data)...
[2026-07-24 22:08:37] ✅ 👑 [SD_MSTR 30K] 1-Year Learning Complete. Accuracy: 100.0% | Points Trained: 266815
[2026-07-24 22:16:07] ⚡ [SWARM DAEMON] Running 24/7 Cycle for Ultimate Squad D (30K Nodes + 1Yr Data)...
[2026-07-24 22:16:09] ✅ 👑 [SD_MSTR 30K] 1-Year Learning Complete. Accuracy: 100.0% | Points Trained: 273020
